// Jest Snapshot v1, https://goo.gl/fbAQLP

exports[`App has expected html 1`] = `
<div class="container">
  <div class="col-xs-10 col-sm-8 col-md-6 offset-md-3 offset-sm-2 offset-xs-1 column">
    <div class="card">
      <h4 class="card-header">Login</h4>
      <div class="card-body">
        <!---->
        <form>
          <div class="form-group">
            <input type="email" id="email" placeholder="Email" maxlength="50" required="required" class="form-control">
          </div>
          <div class="form-group">
            <input type="password" id="password" placeholder="Password" maxlength="50" required="required" class="form-control">
          </div>
          <button type="submit" class="btn btn-outline-success">Login</button>
        </form>
      </div>
    </div>
  </div>
</div>
`;
