// Jest Snapshot v1, https://goo.gl/fbAQLP

exports[`Lister has expected html structure 1`] = `
<div class="lister">
  <h4>Bidding Documents</h4>
  <ul class="listborder">
    <li>
      <a href="http://test.com/1/aBlueprint.com">a blueprint.pdf</a>
    </li>
    <li>
      <a href="http://test.com/1/anotherBlueprint.com">another blueprint.pdf</a>
    </li>
  </ul>
</div>
`;
