// Jest Snapshot v1, https://goo.gl/fbAQLP

exports[`Uploader has expected html structure 1`] = `
<div class="uploader">
  <h4>Add Bidding Documents</h4>
  <!---->
  <div id="" class="vue-dropzone dropzone dz-clickable">
    <!---->
    <div class="dz-default dz-message"><span>Drop files here to upload</span></div>
  </div>
</div>
`;
